2026-09-28 15:22:23 INFO Window: 2026-06-27 -> 2026-09-28 | areas: greenwich
2026-09-28 15:22:24 INFO [greenwich/Permitted] page at offset 0: 100 records
2026-09-28 15:22:24 INFO LEAD new: [Permitted] Greenwich/26/2635/K — Asda, 151 East Ferry Road, London, E14 3BT
2026-09-28 15:22:24 INFO LEAD new: [Permitted] Greenwich/26/2447/NM — BROOKHILL CLOSE, WOOLWICH, LONDON, SE18 6TX
2026-09-28 15:22:24 INFO LEAD new: [Permitted] Greenwich/26/2432/NM — 177 FOOTSCRAY ROAD, LONDON, SE9 2SZ
2026-09-28 15:22:24 INFO LEAD new: [Permitted] Greenwich/26/2428/K — 33 Holborn, London, EC1N 2HT
2026-09-28 15:22:24 INFO LEAD new: [Permitted] Greenwich/26/2400/NM — Land Adjacent 81-88 Beresford Street, Woolwich, SE18 6BG
2026-09-28 15:22:24 INFO LEAD new: [Permitted] Greenwich/26/2386/K — CAR PARK, BLACKHEATH STATION, BLACKHEATH VILLAGE, LONDON, SE
2026-09-28 15:22:24 INFO LEAD new: [Permitted] Greenwich/26/2360/NM — NEW ELTHAM METHODIST CHURCH, FOOTSCRAY ROAD, LONDON, SE9 3UL
2026-09-28 15:22:24 INFO LEAD new: [Permitted] Greenwich/26/2361/NM — Land bound by Nathan Way, Pettman Cresent and Hadden Road, a
2026-09-28 15:22:24 INFO LEAD new: [Permitted] Greenwich/26/2142/K — 29 MOTTINGHAM ROAD, MOTTINGHAM, LONDON, SE9 4QZ
2026-09-28 15:22:24 INFO LEAD new: [Permitted] Greenwich/26/2310/PN1 — 7 MONTCALM ROAD, CHARLTON, LONDON, SE7 8QG
2026-09-28 15:22:24 INFO LEAD new: [Permitted] Greenwich/26/2317/SD — KIDBROOKE VILLAGE STORE, 5 ELFORD CLOSE
2026-09-28 15:22:24 INFO LEAD new: [Permitted] Greenwich/26/2325/SD — Morris Walk Estate (South), Maryon Road, Woolwich, London, S
2026-09-28 15:22:24 INFO LEAD new: [Permitted] Greenwich/26/2289/PN1 — 37 NADINE STREET, CHARLTON, LONDON, SE7 7PQ
2026-09-28 15:22:24 INFO LEAD new: [Permitted] Greenwich/26/2302/CE — GROUND FLOOR and FIRST FLOOR, 4 GOSSAGE ROAD, LONDON, SE18 1
2026-09-28 15:22:24 INFO LEAD new: [Permitted] Greenwich/26/2299/SD — DEVELOPMENT SITE AT FORMER KIDBROOKE PARK PRIMARY SCHOOL, HA
2026-09-28 15:22:24 INFO LEAD new: [Permitted] Greenwich/26/2277/K — Gallions Reach (in Newham) to Thamesmead, Central Way/Twin T
2026-09-28 15:22:24 INFO LEAD new: [Permitted] Greenwich/26/2270/HD — 137 CONGREVE ROAD, ELTHAM, LONDON, SE9 1LL
2026-09-28 15:22:24 INFO LEAD new: [Permitted] Greenwich/26/2258/CP — 4 WELTON ROAD, PLUMSTEAD, LONDON, SE18 2JF
2026-09-28 15:22:24 INFO LEAD new: [Permitted] Greenwich/26/2269/CE — 51 BANNOCKBURN ROAD, PLUMSTEAD, LONDON, SE18 1ET
2026-09-28 15:22:24 INFO LEAD new: [Permitted] Greenwich/26/2272/HD — 31 GALLOSSON ROAD, PLUMSTEAD, LONDON, SE18 1RD
2026-09-28 15:22:24 INFO LEAD new: [Permitted] Greenwich/26/2256/PN1 — 55 WHETSTONE ROAD, KIDBROOKE, LONDON, SE3 8PZ
2026-09-28 15:22:24 INFO LEAD new: [Permitted] Greenwich/26/2257/SD — 138-140, Nathan Way, Thamesmead, London, SE28 0AU
2026-09-28 15:22:24 INFO LEAD new: [Permitted] Greenwich/26/2255/A — Land bounded by Pettman Crescent, Nathan Way and Hadden Road
2026-09-28 15:22:24 INFO LEAD new: [Permitted] Greenwich/26/2276/CP — 108 EARLSHALL ROAD, ELTHAM, LONDON, SE9 1PR
2026-09-28 15:22:24 INFO LEAD new: [Permitted] Greenwich/26/2217/CP — 120 GLENESK ROAD, ELTHAM, LONDON, SE9 1RE
2026-09-28 15:22:24 INFO LEAD new: [Permitted] Greenwich/26/2224/SD — Greenwich Peninsula Masterplan and Plots 18.02 & 18.03, Lond
2026-09-28 15:22:24 INFO LEAD new: [Permitted] Greenwich/26/2246/HD — 171 WESTCOMBE HILL, BLACKHEATH, LONDON, SE3 7DP
2026-09-28 15:22:24 INFO LEAD new: [Permitted] Greenwich/26/2225/SD — Kidbrooke Village, Building F within Phase 3, Kidbrooke, Lon
2026-09-28 15:22:24 INFO LEAD new: [Permitted] Greenwich/26/2218/HD — 120 GLENESK ROAD, ELTHAM, LONDON, SE9 1RE
2026-09-28 15:22:24 INFO LEAD new: [Permitted] Greenwich/26/2219/HD — 70 VICTORIA WAY, CHARLTON, LONDON, SE7 7NQ
2026-09-28 15:22:24 INFO LEAD new: [Permitted] Greenwich/26/2205/CP — 201 EARLSHALL ROAD, ELTHAM, LONDON, SE9 1PL
2026-09-28 15:22:24 INFO LEAD new: [Permitted] Greenwich/26/2227/PN2 — SHOP AND PREMISES FIRST FLOOR, 4 AND 5 CHEQUERS PARADE, SE9 
2026-09-28 15:22:24 INFO LEAD new: [Permitted] Greenwich/26/2230/NM — Land adjacent to, 85 Lansdowne Lane, London, SE7 8TN
2026-09-28 15:22:24 INFO LEAD new: [Permitted] Greenwich/26/2208/HD — 340 WELL HALL ROAD, ELTHAM, LONDON, SE9 6UE
2026-09-28 15:22:24 INFO LEAD new: [Permitted] Greenwich/26/2195/SD — SPRINGWATER CLOSE, PLUMSTEAD, LONDON, SE18 4LB
2026-09-28 15:22:24 INFO LEAD new: [Permitted] Greenwich/26/2190/CP — 4 RAVINE GROVE, PLUMSTEAD, LONDON, SE18 2NE
2026-09-28 15:22:24 INFO LEAD new: [Permitted] Greenwich/26/2202/SD — DEVELOPMENT SITE AT FORMER 81 TO 88, BERESFORD STREET, LONDO
2026-09-28 15:22:24 INFO LEAD new: [Permitted] Greenwich/26/2204/CP — 44 GREENVALE ROAD, ELTHAM, LONDON, SE9 1PD
2026-09-28 15:22:24 INFO LEAD new: [Permitted] Greenwich/26/2189/CP — 103 BROAD WALK, KIDBROOKE, LONDON, SE3 8NF
2026-09-28 15:22:24 INFO LEAD new: [Permitted] Greenwich/26/2194/SD — BARRINGTON VILLAS CLOSE, LONDON, SE18 3SB
2026-09-28 15:22:24 INFO LEAD new: [Permitted] Greenwich/26/2188/PN1 — 34 SANDTOFT ROAD, CHARLTON, LONDON, SE7 7LR
2026-09-28 15:22:24 INFO LEAD new: [Permitted] Greenwich/26/2171/NM — 784 SIDCUP ROAD, LONDON, SE9 3NS
2026-09-28 15:22:24 INFO LEAD new: [Permitted] Greenwich/26/2229/K — Peninsular House 30 - 36 Monument Street London EC3R 8LJ
2026-09-28 15:22:24 INFO LEAD new: [Permitted] Greenwich/26/2184/CP — 4 DIAMOND TERRACE, GREENWICH, LONDON, SE10 8QN
2026-09-28 15:22:24 INFO LEAD new: [Permitted] Greenwich/26/2172/HD — 36 BROAD LAWN, ELTHAM, LONDON, SE9 3XD
2026-09-28 15:22:24 INFO LEAD new: [Permitted] Greenwich/26/2182/CP — 34 SANDTOFT ROAD, CHARLTON, LONDON, SE7 7LR
2026-09-28 15:22:24 INFO LEAD new: [Permitted] Greenwich/26/2168/NM — Former Greenwich Magistrates Court (including rear car park)
2026-09-28 15:22:24 INFO LEAD new: [Permitted] Greenwich/26/2152/SD — Plot M0121, Lower Riverside, Greenwich Peninsula, Greenwich,
2026-09-28 15:22:24 INFO LEAD new: [Permitted] Greenwich/26/2162/SD — Land to the west of West Parkside and east of Millennium Way
2026-09-28 15:22:24 INFO LEAD new: [Permitted] Greenwich/26/2164/SD — 244 GREEN LANE, LONDON, SE9 3TL
2026-09-28 15:22:24 INFO LEAD new: [Permitted] Greenwich/26/2153/HD — 66 MAYDAY GARDENS, KIDBROOKE, LONDON, SE3 8NW
2026-09-28 15:22:24 INFO LEAD new: [Permitted] Greenwich/26/2167/HD — 94 MONTBELLE ROAD, ELTHAM, LONDON, SE9 3NY
2026-09-28 15:22:24 INFO LEAD new: [Permitted] Greenwich/26/2133/HD — 89 ELLISCOMBE ROAD, CHARLTON, LONDON, SE7 7PD
2026-09-28 15:22:24 INFO LEAD new: [Permitted] Greenwich/26/2143/HD — 251 GREEN LANE, ELTHAM, LONDON, SE9 3TA
2026-09-28 15:22:24 INFO LEAD new: [Permitted] Greenwich/26/2136/CP — 20 RAYMERE GARDENS, PLUMSTEAD, LONDON, SE18 2LD
2026-09-28 15:22:24 INFO LEAD new: [Permitted] Greenwich/26/2149/SD — 136 BREWERY ROAD, LONDON, SE18 1NG
2026-09-28 15:22:24 INFO LEAD new: [Permitted] Greenwich/26/2150/SD — Devonport House and Cooper Building, 66-68 King William Walk
2026-09-28 15:22:24 INFO LEAD new: [Permitted] Greenwich/26/2134/L — 26 HALLGATE, BLACKHEATH PARK, BLACKHEATH, LONDON, SE3 9SG
2026-09-28 15:22:24 INFO LEAD new: [Permitted] Greenwich/26/1971/PN1 — 3 KINGSHOLM GARDENS, ELTHAM, LONDON, SE9 6LB
2026-09-28 15:22:29 INFO [greenwich/Permitted] page at offset 100: 95 records
2026-09-28 15:22:29 INFO LEAD new: [Permitted] Greenwich/26/2122/SD — 80 HERVEY ROAD, KIDBROOKE, LONDON, SE3 8BU
2026-09-28 15:22:29 INFO LEAD new: [Permitted] Greenwich/26/2130/HD — 69 VANBRUGH HILL, BLACKHEATH, LONDON, SE10 9HB
2026-09-28 15:22:29 INFO LEAD new: [Permitted] Greenwich/26/2128/PN1 — 27 MALTON STREET, PLUMSTEAD, LONDON, SE18 2EH
2026-09-28 15:22:29 INFO LEAD new: [Permitted] Greenwich/26/2107/HD — 5 BRADDYLL STREET, GREENWICH, LONDON, SE10 9AE
2026-09-28 15:22:29 INFO LEAD new: [Permitted] Greenwich/26/2117/PN1 — 20 BEGBIE ROAD, KIDBROOKE, LONDON, SE3 8DA
2026-09-28 15:22:29 INFO LEAD new: [Permitted] Greenwich/26/2104/HD — 99 HEATHWAY, BLACKHEATH, LONDON, SE3 7TB
2026-09-28 15:22:29 INFO LEAD new: [Permitted] Greenwich/26/2105/HD — 25 RIEFIELD ROAD, ELTHAM, LONDON, SE9 2QD
2026-09-28 15:22:29 INFO LEAD new: [Permitted] Greenwich/26/2113/SD — 126 TUNNEL AVENUE, GREENWICH, LONDON, SE10 0SD
2026-09-28 15:22:29 INFO LEAD new: [Permitted] Greenwich/26/2115/SD — 71 SOUTHWOOD ROAD, LONDON, SE9 3QE
2026-09-28 15:22:29 INFO LEAD new: [Permitted] Greenwich/26/2093/CP — 30 FLAMSTEED ROAD, LONDON, SE7 8HT
2026-09-28 15:22:29 INFO LEAD new: [Permitted] Greenwich/26/2101/CP — 11 FAIRFIELD GROVE, CHARLTON, LONDON, SE7 8UA
2026-09-28 15:22:29 INFO LEAD new: [Permitted] Greenwich/26/2092/PN1 — 30 FLAMSTEED ROAD, LONDON, SE7 8HT
2026-09-28 15:22:29 INFO LEAD new: [Permitted] Greenwich/26/2091/HD — 30 FLAMSTEED ROAD, LONDON, SE7 8HT
2026-09-28 15:22:29 INFO LEAD new: [Permitted] Greenwich/26/2072/HD — 29 HARTSMEAD ROAD, ELTHAM, LONDON, SE9 3LU
2026-09-28 15:22:29 INFO LEAD new: [Permitted] Greenwich/26/2080/F — 58 & 60 CHARLTON CHURCH LANE, LONDON, SE7 7AB
2026-09-28 15:22:29 INFO LEAD new: [Permitted] Greenwich/26/2090/CP — 11 PERPINS ROAD, AVERY HILL, LONDON, SE9 2LF
2026-09-28 15:22:29 INFO LEAD new: [Permitted] Greenwich/26/2054/PN2 — 35-37 MARKET STREET, LONDON, SE18 6QP
2026-09-28 15:22:29 INFO LEAD new: [Permitted] Greenwich/26/2060/NM — Woodland Grove, 2-106 (Evens), Woodland Grove, 2-106 (Evens)
2026-09-28 15:22:29 INFO LEAD new: [Permitted] Greenwich/26/2059/I106 — Evelyn House, 5-31 Eastmoor Street, Charlton, SE7 8LX
2026-09-28 15:22:29 INFO LEAD new: [Permitted] Greenwich/26/2052/SD — 12-13 ELTHAM GREEN, ELTHAM, LONDON, SE9 5LB
2026-09-28 15:22:29 INFO LEAD new: [Permitted] Greenwich/26/2044/F — 4 FAIRFAX GARDENS, WHETSTONE ROAD, LONDON, SE3 8PY
2026-09-28 15:22:29 INFO LEAD new: [Permitted] Greenwich/26/2047/PN1 — 8 ELLISCOMBE ROAD, CHARLTON, LONDON, SE7 7PY
2026-09-28 15:22:29 INFO LEAD new: [Permitted] Greenwich/26/2048/SD — FORMER LORRY PARK (ADJACENT TO STUDIO 338) LOCATED ON CORNER
2026-09-28 15:22:29 INFO LEAD new: [Permitted] Greenwich/26/2042/SD — HOLY FAMILY RC PRIMARY SCHOOL, TUDWAY ROAD, LONDON, SE3 9YX
2026-09-28 15:22:29 INFO LEAD new: [Permitted] Greenwich/26/2036/F — 211 MCLEOD ROAD, ABBEY WOOD, LONDON, SE2 0BN
2026-09-28 15:22:29 INFO LEAD new: [Permitted] Greenwich/26/2041/SD — Morris Walk Estate (South), Maryon Road, Woolwich, London, S
2026-09-28 15:22:29 INFO LEAD new: [Permitted] Greenwich/26/2043/SD — 47 ARBROATH ROAD, LONDON, SE9 6RR
2026-09-28 15:22:29 INFO LEAD new: [Permitted] Greenwich/26/2026/SD — The Ropeyards, Royal Arsenal Riverside, Blocks D and K3, K4 
2026-09-28 15:22:29 INFO LEAD new: [Permitted] Greenwich/26/2023/SD — The Ropeyards, Royal Arsenal Riverside, Blocks D and K3, K4 
2026-09-28 15:22:29 INFO LEAD new: [Permitted] Greenwich/26/2035/SD — LAND AT GREENWICH PENINSULA, TO THE SOUTH OF THE O2, SE10
2026-09-28 15:22:29 INFO LEAD new: [Permitted] Greenwich/26/2028/PN1 — 3 ABBEY WOOD ROAD, ABBEY WOOD, LONDON, SE2 9ED
2026-09-28 15:22:29 INFO LEAD new: [Permitted] Greenwich/26/2040/K — Riverside Campus in the London Borough of Bexley, crossing G
2026-09-28 15:22:29 INFO LEAD new: [Permitted] Greenwich/26/2013/F — METROPOLITAN POLICE, GREENWICH PATROL BASE, RUSTON ROAD, LON
2026-09-28 15:22:29 INFO LEAD new: [Permitted] Greenwich/26/2015/SD — Garage Site, Woodville Close, Kidbrooke, London, SE3 8ED
2026-09-28 15:22:29 INFO LEAD new: [Permitted] Greenwich/26/2014/CP — 29 HALSTOW ROAD, GREENWICH, LONDON, SE10 0LD
2026-09-28 15:22:29 INFO LEAD new: [Permitted] Greenwich/26/2001/CP — 82 WICKHAM LANE, PLUMSTEAD, LONDON, SE2 0XN
2026-09-28 15:22:29 INFO LEAD new: [Permitted] Greenwich/26/1998/HD — WHITE LODGE, WESTBROOK ROAD, KIDBROOKE, LONDON, SE3 0LL
2026-09-28 15:22:29 INFO LEAD new: [Permitted] Greenwich/26/2004/CP — 159 HOLBURNE ROAD, KIDBROOKE, LONDON, SE3 8HH
2026-09-28 15:22:29 INFO LEAD new: [Permitted] Greenwich/26/2006/CP — 70 ST MARGARETS TERRACE, PLUMSTEAD, LONDON, SE18 7RN
2026-09-28 15:22:29 INFO LEAD new: [Permitted] Greenwich/26/2000/HD — 80 MAYDAY GARDENS, KIDBROOKE, LONDON, SE3 8NW
2026-09-28 15:22:29 INFO LEAD new: [Permitted] Greenwich/26/1992/CP — 75 MOORDOWN, PLUMSTEAD, LONDON, SE18 3NA
2026-09-28 15:22:29 INFO LEAD new: [Permitted] Greenwich/26/1995/MA — 76 RIVERDALE ROAD, LONDON, SE18 1PB
2026-09-28 15:22:29 INFO LEAD new: [Permitted] Greenwich/26/1997/PN2 — ALLIED REMEDIAL TREATMENTS LTD, 4 CONDUIT MEWS, LONDON, SE18
2026-09-28 15:22:29 INFO LEAD new: [Permitted] Greenwich/26/1980/SD — KIDBROOKE VILLAGE STORE, 5 ELFORD CLOSE
2026-09-28 15:22:30 INFO LEAD new: [Permitted] Greenwich/26/1983/HD — 41 COMMERELL STREET, GREENWICH, LONDON, SE10 0EA
2026-09-28 15:22:30 INFO LEAD new: [Permitted] Greenwich/26/2011/CLPL — 3 CROOMS HILL, GREENWICH,LONDON SE10 8ER
2026-09-28 15:22:30 INFO LEAD new: [Permitted] Greenwich/26/1959/L — 6 FEATHERS PLACE, GREENWICH, LONDON, SE10 9NE
2026-09-28 15:22:30 INFO LEAD new: [Permitted] Greenwich/26/1946/HD — 22 FEDERATION ROAD, ABBEY WOOD, LONDON, SE2 0JU
2026-09-28 15:22:30 INFO LEAD new: [Permitted] Greenwich/26/1948/I106 — Greenwich Millennium Village, Phases 3, 4 and 5, Greenwich, 
2026-09-28 15:22:30 INFO LEAD new: [Permitted] Greenwich/26/1957/CP — 14 BOURNEWOOD ROAD, PLUMSTEAD, LONDON, SE18 2AU
2026-09-28 15:22:30 INFO LEAD new: [Permitted] Greenwich/26/1950/I106 — Greenwich Millennium Village, Phases 3, 4 and 5, Greenwich, 
2026-09-28 15:22:30 INFO LEAD new: [Permitted] Greenwich/26/1964/CP — 54 CHAPEL FARM ROAD, ELTHAM, LONDON, SE9 3NQ
2026-09-28 15:22:30 INFO LEAD new: [Permitted] Greenwich/26/1949/I106 — Greenwich Millennium Village, Phases 3, 4 and 5, Greenwich, 
2026-09-28 15:22:30 INFO LEAD new: [Permitted] Greenwich/26/1953/SD — THOMAS TALLIS SCHOOL, 134 KIDBROOKE PARK ROAD, LONDON, SE3 9
2026-09-28 15:22:30 INFO LEAD new: [Permitted] Greenwich/26/1955/PN1 — 11 WOODBROOK ROAD, PLUMSTEAD, LONDON, SE2 0PE
2026-09-28 15:22:30 INFO LEAD new: [Permitted] Greenwich/26/1958/PN1 — 14 BOURNEWOOD ROAD, PLUMSTEAD, LONDON, SE18 2AU
2026-09-28 15:22:30 INFO LEAD new: [Permitted] Greenwich/26/1944/HD — 44 BUSHMOOR CRESCENT, PLUMSTEAD, LONDON, SE18 3EF
2026-09-28 15:22:30 INFO LEAD new: [Permitted] Greenwich/26/1951/I106 — Greenwich Millennium Village, Phases 3, 4 and 5, Greenwich, 
2026-09-28 15:22:30 INFO LEAD new: [Permitted] Greenwich/26/1942/CP — 34 MYRTLEDENE ROAD, PLUMSTEAD, LONDON, SE2 0EZ
2026-09-28 15:22:30 INFO LEAD new: [Permitted] Greenwich/26/1933/HD — 68 BROOKLANDS PARK, BLACKHEATH, LONDON, SE3 9AJ
2026-09-28 15:22:30 INFO LEAD new: [Permitted] Greenwich/26/1936/HD — 94 HOWARTH ROAD, ABBEY WOOD, LONDON, SE2 0UP
2026-09-28 15:22:30 INFO LEAD new: [Permitted] Greenwich/26/1935/F — 2 LANGDALE ROAD, LONDON, SE10 8UA
2026-09-28 15:22:30 INFO LEAD new: [Permitted] Greenwich/26/1935/HD — 2 LANGDALE ROAD, LONDON, SE10 8UA
2026-09-28 15:22:30 INFO LEAD new: [Permitted] Greenwich/26/1932/SD — FLAT B, 91 BLACKHEATH HILL, GREENWICH, LONDON, SE10 8TJ
2026-09-28 15:22:30 INFO LEAD new: [Permitted] Greenwich/26/1940/NM — Woolwich Crossrail Station East Ventilation Shaft, Arsenal W
2026-09-28 15:22:30 INFO LEAD new: [Permitted] Greenwich/26/1941/HD — 62 CORNER GREEN, BLACKHEATH, LONDON, SE3 9JJ
2026-09-28 15:22:30 INFO LEAD new: [Permitted] Greenwich/26/1930/PN1 — 13 TALLIS GROVE, CHARLTON, LONDON, SE7 7LB
2026-09-28 15:22:30 INFO LEAD new: [Permitted] Greenwich/26/1934/NM — Land bounded by Pettman Crescent, Nathan Way and Hadden Road
2026-09-28 15:22:30 INFO LEAD new: [Permitted] Greenwich/26/1911/HD — 25 CALVERT ROAD, GREENWICH, LONDON, SE10 0DH
2026-09-28 15:22:30 INFO LEAD new: [Permitted] Greenwich/26/1928/SD — Morris Walk Estate (South), Maryon Road, Woolwich, London, S
2026-09-28 15:22:30 INFO LEAD new: [Permitted] Greenwich/26/1915/HD — 3 MERIDIAN ROAD, CHARLTON, LONDON, SE7 8QJ
2026-09-28 15:22:30 INFO LEAD new: [Permitted] Greenwich/26/1919/CP — 10 KIDBROOKE WAY, KIDBROOKE, LONDON, SE3 0JB
2026-09-28 15:22:30 INFO LEAD new: [Permitted] Greenwich/26/1914/SD — 59 CHESTNUT RISE, PLUMSTEAD, LONDON, SE18 1RJ
2026-09-28 15:22:30 INFO LEAD new: [Permitted] Greenwich/26/1925/PN1 — 45 WESTMOUNT ROAD, LONDON, SE9 1JF
2026-09-28 15:22:35 INFO [greenwich/Conditions] page at offset 0: 0 records
2026-09-28 15:22:41 INFO [greenwich/Undecided] page at offset 0: 100 records
2026-09-28 15:22:46 INFO [greenwich/Undecided] page at offset 100: 100 records
2026-09-28 15:22:52 INFO [greenwich/Undecided] page at offset 200: 100 records
2026-09-28 15:22:58 INFO [greenwich/Undecided] page at offset 300: 100 records
2026-09-28 15:23:03 INFO [greenwich/Undecided] page at offset 400: 20 records
2026-09-28 15:23:08 INFO Done. fetched=520 newly_tracked=383 leads_added=133 leads_updated=0
