2026-09-28 15:08:07 INFO Window: 2026-06-27 -> 2026-09-28 | areas: enfield
2026-09-28 15:08:07 INFO [enfield/Permitted] page at offset 0: 100 records
2026-09-28 15:08:07 INFO LEAD new: [Permitted] Enfield/26/03764/OA — Land East Of South Mimms Services St Albans Road South Mimms
2026-09-28 15:08:07 INFO LEAD new: [Permitted] Enfield/26/03648/CND — Chace Community School Churchbury Lane Enfield EN1 3HQ
2026-09-28 15:08:07 INFO LEAD new: [Permitted] Enfield/26/03645/CEA — 36 Willow Road Enfield EN1 3ND
2026-09-28 15:08:07 INFO LEAD new: [Permitted] Enfield/26/03572/PRH — 69 Lincoln Road Enfield EN1 1JU
2026-09-28 15:08:07 INFO LEAD new: [Permitted] Enfield/26/03587/OA — Woodland Adjacent To North Lodge Whitewebbs Road Enfield EN2
2026-09-28 15:08:07 INFO LEAD new: [Permitted] Enfield/26/03579/PRH — 63 Grenoble Gardens London N13 6JD
2026-09-28 15:08:07 INFO LEAD new: [Permitted] Enfield/26/03549/PRH — 9 Gatward Close London N21 1AS
2026-09-28 15:08:07 INFO LEAD new: [Permitted] Enfield/26/03509/CND — Garages Powys Lane London N13 4NS
2026-09-28 15:08:07 INFO LEAD new: [Permitted] Enfield/26/03513/CEU — 13 Bolton Road London N18 1HN
2026-09-28 15:08:07 INFO LEAD new: [Permitted] Enfield/26/03484/CEA — 45 Grange Park Avenue London N21 2LP
2026-09-28 15:08:07 INFO LEAD new: [Permitted] Enfield/26/03485/NMA — 27 Norfolk Avenue London N13 6AP
2026-09-28 15:08:07 INFO LEAD new: [Permitted] Enfield/26/03457/CND — 55 Eversley Park Road London N21 1NR
2026-09-28 15:08:07 INFO LEAD new: [Permitted] Enfield/26/03443/CND — The Royal Chace Hotel 162 The Ridgeway Enfield EN2 8AR
2026-09-28 15:08:07 INFO LEAD new: [Permitted] Enfield/26/03432/PRH — 199 Brimsdown Avenue Enfield EN3 5ET
2026-09-28 15:08:07 INFO LEAD new: [Permitted] Enfield/26/03429/PRH — 109 Redlands Road Enfield EN3 5HW
2026-09-28 15:08:07 INFO LEAD new: [Permitted] Enfield/26/03416/CND — 71 Camlet Way Barnet EN4 0NL
2026-09-28 15:08:07 INFO LEAD new: [Permitted] Enfield/26/03403/CEA — 9 Tenby Road Enfield EN3 4JE
2026-09-28 15:08:07 INFO LEAD new: [Permitted] Enfield/26/03407/CEA — 15 Meadway Enfield EN3 6NT
2026-09-28 15:08:07 INFO LEAD new: [Permitted] Enfield/26/03396/SO — Brimsdown Sports Club Goldsdown Road Enfield EN3 7RP
2026-09-28 15:08:07 INFO LEAD new: [Permitted] Enfield/26/03361/CEA — 74 Uvedale Road Enfield EN2 6HD
2026-09-28 15:08:07 INFO LEAD new: [Permitted] Enfield/26/03347/PRH — 5 Herrongate Close Enfield EN1 3BL
2026-09-28 15:08:07 INFO LEAD new: [Permitted] Enfield/26/03357/CEA — 110 St Edmunds Road London N9 7PR
2026-09-28 15:08:07 INFO LEAD new: [Permitted] Enfield/26/03338/CEA — 141A Tottenhall Road London N13 6JA
2026-09-28 15:08:07 INFO LEAD new: [Permitted] Enfield/26/03343/CND — Sports Ground Bull Lane London N18 1RA
2026-09-28 15:08:07 INFO LEAD new: [Permitted] Enfield/26/03332/PRH — 65 Cavendish Road London N18 2LT
2026-09-28 15:08:07 INFO LEAD new: [Permitted] Enfield/26/03334/CND — 44 Elvendon Road London N13 4SJ
2026-09-28 15:08:07 INFO LEAD new: [Permitted] Enfield/26/03331/PRH — 36 River Bank London N21 2AB
2026-09-28 15:08:07 INFO LEAD new: [Permitted] Enfield/26/03316/CND — Sports Ground Bull Lane London N18 1RA
2026-09-28 15:08:07 INFO LEAD new: [Permitted] Enfield/26/03311/CEA — 10 Newmans Way Barnet EN4 0LP
2026-09-28 15:08:07 INFO LEAD new: [Permitted] Enfield/26/03318/NMA — Claverings Industrial Estate London N9 0AB
2026-09-28 15:08:07 INFO LEAD new: [Permitted] Enfield/26/03308/CEA — 43 Gloucester Gardens Barnet EN4 0QN
2026-09-28 15:08:07 INFO LEAD new: [Permitted] Enfield/26/03284/CEA — 36 Ferndale Road Enfield EN3 6DJ
2026-09-28 15:08:07 INFO LEAD new: [Permitted] Enfield/26/03286/PRH — 22 Percival Road Enfield EN1 1QX
2026-09-28 15:08:07 INFO LEAD new: [Permitted] Enfield/26/03281/PRH — 148 Nightingale Road London N9 8PT
2026-09-28 15:08:07 INFO LEAD new: [Permitted] Enfield/26/03269/CEA — 31 Cornwallis Road London N9 0JJ
2026-09-28 15:08:07 INFO LEAD new: [Permitted] Enfield/26/03265/CEA — 104 Wetherby Road Enfield EN2 0NU
2026-09-28 15:08:07 INFO LEAD new: [Permitted] Enfield/26/03267/PRH — 118 Newbury Avenue Enfield EN3 6EE
2026-09-28 15:08:07 INFO LEAD new: [Permitted] Enfield/26/03279/CEA — 61 Lancaster Road London N18 1HP
2026-09-28 15:08:07 INFO LEAD new: [Permitted] Enfield/26/03263/CEA — 36 Lytton Avenue Enfield EN3 6EN
2026-09-28 15:08:08 INFO LEAD new: [Permitted] Enfield/26/03260/CEA — 38 St Marks Road Enfield EN1 1BE
2026-09-28 15:08:08 INFO LEAD new: [Permitted] Enfield/26/03271/CEA — 3 Giffard Road London N18 1DR
2026-09-28 15:08:08 INFO LEAD new: [Permitted] Enfield/26/03277/CEA — 61 Lancaster Road London N18 1HP
2026-09-28 15:08:08 INFO LEAD new: [Permitted] Enfield/26/03278/CEA — 61 Lancaster Road London N18 1HP
2026-09-28 15:08:08 INFO LEAD new: [Permitted] Enfield/26/03254/PRH — 11 Mitchell Road London N13 6EG
2026-09-28 15:08:08 INFO LEAD new: [Permitted] Enfield/26/03262/PRH — 36 Lytton Avenue Enfield EN3 6EN
2026-09-28 15:08:08 INFO LEAD new: [Permitted] Enfield/26/03261/PRH — 31 Cornwallis Road London N9 0JJ
2026-09-28 15:08:08 INFO LEAD new: [Permitted] Enfield/26/03235/CND — 128 Morton Way London N14 7AL
2026-09-28 15:08:08 INFO LEAD new: [Permitted] Enfield/26/03231/CND — 36 Sidney Avenue London N13 4UY
2026-09-28 15:08:08 INFO LEAD new: [Permitted] Enfield/26/03280/PRH — 109 Fountains Crescent London N14 6BD
2026-09-28 15:08:08 INFO LEAD new: [Permitted] Enfield/26/03205/CEA — 54 Hardwicke Road London N13 4SG
2026-09-28 15:08:08 INFO LEAD new: [Permitted] Enfield/26/03210/PRH — 15 Meadway Enfield EN3 6NT
2026-09-28 15:08:08 INFO LEAD new: [Permitted] Enfield/26/03171/CND — 116 Millmarsh Lane Enfield EN3 7SW
2026-09-28 15:08:08 INFO LEAD new: [Permitted] Enfield/26/03168/CND — 56A Church Hill London N21 1JA
2026-09-28 15:08:08 INFO LEAD new: [Permitted] Enfield/26/03170/CEA — 49 Tynemouth Drive Enfield EN1 4LR
2026-09-28 15:08:08 INFO LEAD new: [Permitted] Enfield/26/03145/PRH — 9 Tenby Road Enfield EN3 4JE
2026-09-28 15:08:08 INFO LEAD new: [Permitted] Enfield/26/03149/PRH — 7 Cunningham Avenue Enfield EN3 6LB
2026-09-28 15:08:08 INFO LEAD new: [Permitted] Enfield/26/03154/CEA — 10 Rowantree Close London N21 3EE
2026-09-28 15:08:08 INFO LEAD new: [Permitted] Enfield/26/03142/PRH — 38 Nightingale Road London N9 8AR
2026-09-28 15:08:08 INFO LEAD new: [Permitted] Enfield/26/03158/PRH — 70 Stoneleigh Avenue Enfield EN1 4HH
2026-09-28 15:08:08 INFO LEAD new: [Permitted] Enfield/26/03119/CEA — 7 Cunningham Avenue Enfield EN3 6LB
2026-09-28 15:08:08 INFO LEAD new: [Permitted] Enfield/26/03117/CEA — 27 Lombard Avenue Enfield EN3 5LN
2026-09-28 15:08:08 INFO LEAD new: [Permitted] Enfield/26/03118/CND — Land Adjacent To 1 Arbour Road Enfield EN3 7TX
2026-09-28 15:08:08 INFO LEAD new: [Permitted] Enfield/26/03132/CND — Public House Green Street Enfield EN3 7SH
2026-09-28 15:08:08 INFO LEAD new: [Permitted] Enfield/26/03108/CEA — 19 Sedcote Road Enfield EN3 4RQ
2026-09-28 15:08:08 INFO LEAD new: [Permitted] Enfield/26/03112/NMA — 25 Church Hill London N21 1LS
2026-09-28 15:08:08 INFO LEAD new: [Permitted] Enfield/26/03121/CEA — 48 Cambourne Avenue London N9 8QG
2026-09-28 15:08:08 INFO LEAD new: [Permitted] Enfield/26/03113/CND — 52 Exeter Road London N9 0JG
2026-09-28 15:08:08 INFO LEAD new: [Permitted] Enfield/26/03116/PRH — 27 Lombard Avenue Enfield EN3 5LN
2026-09-28 15:08:08 INFO LEAD new: [Permitted] Enfield/26/03105/CND — 105 Carterhatch Road Enfield EN3 5LU
2026-09-28 15:08:08 INFO LEAD new: [Permitted] Enfield/26/03084/PIA — 52 Bounces Road London N9 8HX
2026-09-28 15:08:08 INFO LEAD new: [Permitted] Enfield/26/03061/PRH — 106 Lincoln Road Enfield EN1 1JX
2026-09-28 15:08:08 INFO LEAD new: [Permitted] Enfield/26/03079/PRH — 81 Ash Grove London N13 5AW
2026-09-28 15:08:08 INFO LEAD new: [Permitted] Enfield/26/03062/CND — 51 Monks Close Enfield EN2 8DZ
2026-09-28 15:08:08 INFO LEAD new: [Permitted] Enfield/26/03139/CEA — 49 Cunningham Avenue Enfield EN3 6LB
2026-09-28 15:08:08 INFO LEAD new: [Permitted] Enfield/26/03065/CEA — 173 Maidstone Road London N11 2JT
2026-09-28 15:08:08 INFO LEAD new: [Permitted] Enfield/26/03067/CEA — 36 Onslow Gardens London N21 1DX
2026-09-28 15:08:08 INFO LEAD new: [Permitted] Enfield/26/03078/CEA — 236 Hedge Lane London N13 5DA
2026-09-28 15:08:08 INFO LEAD new: [Permitted] Enfield/26/03044/PRH — 111 Kimberley Road London N18 2DW
2026-09-28 15:08:08 INFO LEAD new: [Permitted] Enfield/26/03048/CEA — 8 Selhurst Road London N9 9DB
2026-09-28 15:08:08 INFO LEAD new: [Permitted] Enfield/26/03055/CEA — 5 Longfield Avenue Enfield EN3 5RX
2026-09-28 15:08:13 INFO [enfield/Permitted] page at offset 100: 100 records
2026-09-28 15:08:13 INFO LEAD new: [Permitted] Enfield/26/02995/NMA — Meridian Water Former Gas Holder Site Leeside Road London N1
2026-09-28 15:08:13 INFO LEAD new: [Permitted] Enfield/26/02994/CEA — 88 Greenwood Avenue Enfield EN3 5DX
2026-09-28 15:08:13 INFO LEAD new: [Permitted] Enfield/26/03005/CEU — 72 Evesham Road London N11 2RN
2026-09-28 15:08:13 INFO LEAD new: [Permitted] Enfield/26/02999/CND — Land At Commercial Road And 4 And 8 Bull Lane London N18
2026-09-28 15:08:13 INFO LEAD new: [Permitted] Enfield/26/02993/CEA — 48 Morley Avenue London N18 2QT
2026-09-28 15:08:13 INFO LEAD new: [Permitted] Enfield/26/03002/CEA — 189 Montagu Road London N18 2NA
2026-09-28 15:08:13 INFO LEAD new: [Permitted] Enfield/26/03000/CEA — 176 Clay Hill Enfield EN2 9AL
2026-09-28 15:08:13 INFO LEAD new: [Permitted] Enfield/26/02988/CEA — 65 Cavendish Road London N18 2LT
2026-09-28 15:08:13 INFO LEAD new: [Permitted] Enfield/26/02979/CEA — 111 Kimberley Road London N18 2DW
2026-09-28 15:08:13 INFO LEAD new: [Permitted] Enfield/26/02991/CEA — 32 The Grove London N13 5LG
2026-09-28 15:08:13 INFO LEAD new: [Permitted] Enfield/26/02997/NMA — Churchfields Recreation Ground Great Cambridge Road London N
2026-09-28 15:08:13 INFO LEAD new: [Permitted] Enfield/26/02990/CND — 5 Ridgemead Close London N14 6NW
2026-09-28 15:08:13 INFO LEAD new: [Permitted] Enfield/26/02996/PRH — 40 South Lodge Drive London N14 4XP
2026-09-28 15:08:13 INFO LEAD new: [Permitted] Enfield/26/02977/CEA — 89 Wilbury Way London N18 1BX
2026-09-28 15:08:13 INFO LEAD new: [Permitted] Enfield/26/02975/CND — Arnold House 66 The Ridgeway Enfield EN2 8JA
2026-09-28 15:08:13 INFO LEAD new: [Permitted] Enfield/26/02957/CEU — Meridian One Meridian Water Willoughby Lane And Meridian Way
2026-09-28 15:08:13 INFO LEAD new: [Permitted] Enfield/26/02960/CEA — 1 Connaught Avenue Enfield EN1 3BE
2026-09-28 15:08:13 INFO LEAD new: [Permitted] Enfield/26/02968/CEA — 32 Poynter Road Enfield EN1 1DL
2026-09-28 15:08:13 INFO LEAD new: [Permitted] Enfield/26/02974/PRH — 13 Victor Villas Great Cambridge Road London N9 9UP
2026-09-28 15:08:13 INFO LEAD new: [Permitted] Enfield/26/02973/CND — 2 Old Park Ridings And Rear Of 86 Green Dragon Lane Winchmor
2026-09-28 15:08:13 INFO LEAD new: [Permitted] Enfield/26/02972/CND — The Royal Chace Hotel 162 The Ridgeway Enfield EN2 8AR
2026-09-28 15:08:13 INFO LEAD new: [Permitted] Enfield/26/02965/CEA — 37 Craig Park Road London N18 2HG
2026-09-28 15:08:13 INFO LEAD new: [Permitted] Enfield/26/02967/PRH — 310 Green Street Enfield EN3 7SB
2026-09-28 15:08:13 INFO LEAD new: [Permitted] Enfield/26/02976/PRH — 89 Wilbury Way London N18 1BX
2026-09-28 15:08:13 INFO LEAD new: [Permitted] Enfield/26/02950/PRH — 528 Hertford Road London N9 8AE
2026-09-28 15:08:13 INFO LEAD new: [Permitted] Enfield/26/02953/CEA — 37 Queensland Avenue London N18 1AT
2026-09-28 15:08:13 INFO LEAD new: [Permitted] Enfield/26/02941/CEA — 106 Lincoln Road Enfield EN1 1JX
2026-09-28 15:08:13 INFO LEAD new: [Permitted] Enfield/26/02947/NMA — 20 Ash Grove Enfield EN1 2LB
2026-09-28 15:08:13 INFO LEAD new: [Permitted] Enfield/26/02919/PRH — 40 Woodstock Crescent London N9 7LY
2026-09-28 15:08:13 INFO LEAD new: [Permitted] Enfield/26/02923/CEA — 50 Tudor Road London N9 8NY
2026-09-28 15:08:13 INFO LEAD new: [Permitted] Enfield/26/02924/CEA — 215 Alma Road Enfield EN3 7BA
2026-09-28 15:08:13 INFO LEAD new: [Permitted] Enfield/26/02925/PRH — 10 Raynham Terrace London N18 2JN
2026-09-28 15:08:13 INFO LEAD new: [Permitted] Enfield/26/02929/PRH — 81 St Josephs Road London N9 8NU
2026-09-28 15:08:13 INFO LEAD new: [Permitted] Enfield/26/02944/PRG — 312 - 314 Green Lanes London N13 5TT
2026-09-28 15:08:13 INFO LEAD new: [Permitted] Enfield/26/02945/CEA — 124 Barrowell Green London N21 3AX
2026-09-28 15:08:13 INFO LEAD new: [Permitted] Enfield/26/02921/CEA — 40 Woodstock Crescent London N9 7LY
2026-09-28 15:08:13 INFO LEAD new: [Permitted] Enfield/26/02946/CEA — 1517 Great Cambridge Road Enfield EN1 4SX
2026-09-28 15:08:13 INFO LEAD new: [Permitted] Enfield/26/02949/PRH — 1517 Great Cambridge Road Enfield EN1 4SX
2026-09-28 15:08:13 INFO LEAD new: [Permitted] Enfield/26/02926/CEA — 10 Raynham Terrace London N18 2JN
2026-09-28 15:08:13 INFO LEAD new: [Permitted] Enfield/26/02934/CEA — 2 St Andrews Road London N9 8DB
2026-09-28 15:08:13 INFO LEAD new: [Permitted] Enfield/26/02930/CEA — 81 St Josephs Road London N9 8NU
2026-09-28 15:08:13 INFO LEAD new: [Permitted] Enfield/26/02936/CEA — 245 Southbury Road Enfield EN1 1QZ
2026-09-28 15:08:13 INFO LEAD new: [Permitted] Enfield/26/02940/CEA — 53 Clarence Road Enfield EN3 4BN
2026-09-28 15:08:13 INFO LEAD new: [Permitted] Enfield/26/02917/CEA — 12 Cresswell Way London N21 1AE
2026-09-28 15:08:13 INFO LEAD new: [Permitted] Enfield/26/02899/CND — Public House 155 Percival Road Enfield EN1 1QT
2026-09-28 15:08:13 INFO LEAD new: [Permitted] Enfield/26/02911/CEA — 48 Clay Hill Enfield EN2 9AW
2026-09-28 15:08:13 INFO LEAD new: [Permitted] Enfield/26/02898/CEA — 22 South Road London N9 7JH
2026-09-28 15:08:13 INFO LEAD new: [Permitted] Enfield/26/02901/NMA — 40 The Birches London N21 1NL
2026-09-28 15:08:13 INFO LEAD new: [Permitted] Enfield/26/02896/CND — Garages Powys Lane London N13 4EN
2026-09-28 15:08:13 INFO LEAD new: [Permitted] Enfield/26/02886/CND — 64 Lakenheath London N14 4RP
2026-09-28 15:08:13 INFO LEAD new: [Permitted] Enfield/26/02890/CEU — 35A Croyland Road London N9 7BB
2026-09-28 15:08:13 INFO LEAD new: [Permitted] Enfield/26/02884/CND — Meridian Water Orbital Business Park (and Adjoining Land Inc
2026-09-28 15:08:13 INFO LEAD new: [Permitted] Enfield/26/02888/PRH — 19 Sedcote Road Enfield EN3 4RQ
2026-09-28 15:08:13 INFO LEAD new: [Permitted] Enfield/26/02876/CND — Churchfields Recreation Ground Great Cambridge Road London N
2026-09-28 15:08:13 INFO LEAD new: [Permitted] Enfield/26/02864/CND — Sports Ground Bull Lane London N18 1RA
2026-09-28 15:08:13 INFO LEAD new: [Permitted] Enfield/26/02868/CND — Meridian Water Orbital Business Park (and Adjoining Land Inc
2026-09-28 15:08:13 INFO LEAD new: [Permitted] Enfield/26/02874/CND — Garages Dysons Road London N18 2DJ
2026-09-28 15:08:13 INFO LEAD new: [Permitted] Enfield/26/02870/NMA — 56A Church Hill London N21 1JA
2026-09-28 15:08:13 INFO LEAD new: [Permitted] Enfield/26/02866/CND — 2 Valley Fields Crescent Enfield EN2 7QA
2026-09-28 15:08:13 INFO LEAD new: [Permitted] Enfield/26/02865/CND — Sports Ground Bull Lane London N18 1RA
2026-09-28 15:08:13 INFO LEAD new: [Permitted] Enfield/26/02841/CND — 28 Elmscott Gardens London N21 2BP
2026-09-28 15:08:13 INFO LEAD new: [Permitted] Enfield/26/02844/CEA — 70 Park Avenue Enfield EN1 2HW
2026-09-28 15:08:13 INFO LEAD new: [Permitted] Enfield/26/02871/PRH — 20 Firs Park Gardens London N21 2PX
2026-09-28 15:08:13 INFO LEAD new: [Permitted] Enfield/26/02837/PRH — 88 Greenwood Avenue Enfield EN3 5DX
2026-09-28 15:08:13 INFO LEAD new: [Permitted] Enfield/26/02845/PRH — 70 Park Avenue Enfield EN1 2HW
2026-09-28 15:08:13 INFO LEAD new: [Permitted] Enfield/26/02839/CND — 97 Wellington Road Enfield EN1 2PW
2026-09-28 15:08:13 INFO LEAD new: [Permitted] Enfield/26/02834/CEA — 22 Percival Road Enfield EN1 1QX
2026-09-28 15:08:13 INFO LEAD new: [Permitted] Enfield/26/02847/CND — Latymer School Haselbury Road London N9 9TN
2026-09-28 15:08:13 INFO LEAD new: [Permitted] Enfield/26/02848/PRH — 21 Holly Road Enfield EN3 6QA
2026-09-28 15:08:13 INFO LEAD new: [Permitted] Enfield/26/02849/CEA — 21 Holly Road Enfield EN3 6QA
2026-09-28 15:08:13 INFO LEAD new: [Permitted] Enfield/26/02818/CND — Meridian Water Willoughby Lane And Meridian Way London N18
2026-09-28 15:08:13 INFO LEAD new: [Permitted] Enfield/26/02827/PRH — 14 Cyprus Road London N9 9PG
2026-09-28 15:08:13 INFO LEAD new: [Permitted] Enfield/26/02820/CEA — 98 Albany Park Avenue Enfield EN3 5NX
2026-09-28 15:08:13 INFO LEAD new: [Permitted] Enfield/26/02824/CND — Car Parks Adjacent To 58-68 Dendridge Close And 89-111 Dendr
2026-09-28 15:08:13 INFO LEAD new: [Permitted] Enfield/26/02816/CEA — 96 Galliard Road London N9 7LR
2026-09-28 15:08:13 INFO LEAD new: [Permitted] Enfield/26/02828/CEA — Upper Floor Flat 79 Bowes Road London N13 4RU
2026-09-28 15:08:13 INFO LEAD new: [Permitted] Enfield/26/02802/CEA — 27 Chesterfield Road Enfield EN3 6BE
2026-09-28 15:08:13 INFO LEAD new: [Permitted] Enfield/26/02809/CND — 10 Seaforth Gardens London N21 3BS
2026-09-28 15:08:13 INFO LEAD new: [Permitted] Enfield/26/02875/CEA — 1 Clarendon Road London N18 2AH
2026-09-28 15:08:13 INFO LEAD new: [Permitted] Enfield/26/02797/PRH — 217 Great Cambridge Road Enfield EN1 1SQ
2026-09-28 15:08:13 INFO LEAD new: [Permitted] Enfield/26/02796/CND — Car Parks Adjacent To 58-68 Dendridge Close And 89-111 Dendr
2026-09-28 15:08:13 INFO LEAD new: [Permitted] Enfield/26/02781/PRH — 39 Cowper Gardens London N14 4NP
2026-09-28 15:08:13 INFO LEAD new: [Permitted] Enfield/26/02795/CEA — 13 Cowland Avenue Enfield EN3 7DX
2026-09-28 15:08:13 INFO LEAD new: [Permitted] Enfield/26/02789/CEA — 8 Nursery Close Enfield EN3 5JZ
2026-09-28 15:08:13 INFO LEAD new: [Permitted] Enfield/26/02783/PRV — Winchmore School Laburnum Grove London N21 3HS
2026-09-28 15:08:13 INFO LEAD new: [Permitted] Enfield/26/02759/PRH — 27 Holly Road Enfield EN3 6QA
2026-09-28 15:08:13 INFO LEAD new: [Permitted] Enfield/26/02774/PRH — 18 Denny Road London N9 7QS
2026-09-28 15:08:13 INFO LEAD new: [Permitted] Enfield/26/02760/CEA — 27 Holly Road Enfield EN3 6QA
2026-09-28 15:08:13 INFO LEAD new: [Permitted] Enfield/26/02758/CEU — 657 Hertford Road Enfield EN3 6ND
2026-09-28 15:08:13 INFO LEAD new: [Permitted] Enfield/26/02779/OA — 86 Ashurst Road Barnet EN4 9LG
2026-09-28 15:08:13 INFO LEAD new: [Permitted] Enfield/26/02748/CEU — Commercial Premises 653 Hertford Road Enfield EN3 6ND
2026-09-28 15:08:13 INFO LEAD new: [Permitted] Enfield/26/02752/PRH — 13 Grove Gardens Enfield EN3 5PG
2026-09-28 15:08:19 INFO [enfield/Permitted] page at offset 200: 4 records
2026-09-28 15:08:19 INFO LEAD new: [Permitted] Enfield/26/02744/PRH — 49 Apple Grove Enfield EN1 3DA
2026-09-28 15:08:19 INFO LEAD new: [Permitted] Enfield/26/02750/PRH — 2B Oak Avenue Enfield EN2 8LB
2026-09-28 15:08:19 INFO LEAD new: [Permitted] Enfield/26/02746/CND — Car Parks Adjacent To 58-68 Dendridge Close And 89-111 Dendr
2026-09-28 15:08:19 INFO LEAD new: [Permitted] Enfield/26/02753/CEA — 2B Oak Avenue Enfield EN2 8LB
2026-09-28 15:08:24 INFO [enfield/Conditions] page at offset 0: 61 records
2026-09-28 15:08:24 INFO LEAD new: [Conditions] Enfield/26/03571/NMA — 138 Edenbridge Road Enfield EN1 2HU
2026-09-28 15:08:24 INFO LEAD new: [Conditions] Enfield/26/03274/FUL — 9 Tenby Road Enfield EN3 4JE
2026-09-28 15:08:24 INFO LEAD new: [Conditions] Enfield/26/03247/HOU — 22 Colvin Gardens Waltham Cross EN8 8QZ
2026-09-28 15:08:24 INFO LEAD new: [Conditions] Enfield/26/03230/HOU — 26 Shrewsbury Road London N11 2LH
2026-09-28 15:08:24 INFO LEAD new: [Conditions] Enfield/26/03178/HOU — 63 Conway Road London N14 7BD
2026-09-28 15:08:24 INFO LEAD new: [Conditions] Enfield/26/03180/FUL — 393 Fore Street London N9 0NR
2026-09-28 15:08:24 INFO LEAD new: [Conditions] Enfield/26/03185/HOU — 94 Bedford Road London N9 7DB
2026-09-28 15:08:24 INFO LEAD new: [Conditions] Enfield/26/03194/FUL — 142A Chase Side London N14 5PP
2026-09-28 15:08:24 INFO LEAD new: [Conditions] Enfield/26/03147/FUL — 4 Westmoor Gardens Enfield EN3 7LQ
2026-09-28 15:08:24 INFO LEAD new: [Conditions] Enfield/26/03130/FUL — 4 Pentrich Avenue Enfield EN1 4LZ
2026-09-28 15:08:24 INFO LEAD new: [Conditions] Enfield/26/03110/HOU — 15 Dryden Road Enfield EN1 2PR
2026-09-28 15:08:24 INFO LEAD new: [Conditions] Enfield/26/03107/FUL — 71 Raynham Avenue London N18 2BP
2026-09-28 15:08:24 INFO LEAD new: [Conditions] Enfield/26/03068/HOU — 36 Onslow Gardens London N21 1DX
2026-09-28 15:08:24 INFO LEAD new: [Conditions] Enfield/26/03035/HOU — 117 Amberley Road Enfield EN1 2RA
2026-09-28 15:08:24 INFO LEAD new: [Conditions] Enfield/26/03047/FUL — 89 Wilbury Way London N18 1BX
2026-09-28 15:08:24 INFO LEAD new: [Conditions] Enfield/26/03040/HOU — 32 The Orchard London N21 2DH
2026-09-28 15:08:24 INFO LEAD new: [Conditions] Enfield/26/03037/FUL — 89 Wilbury Way London N18 1BX
2026-09-28 15:08:24 INFO LEAD new: [Conditions] Enfield/26/03029/FUL — 28 Ingersoll Road Enfield EN3 5PU
2026-09-28 15:08:24 INFO LEAD new: [Conditions] Enfield/26/03032/FUL — 123 Chase Side London N14 5HD
2026-09-28 15:08:24 INFO LEAD new: [Conditions] Enfield/26/03020/FUL — 245 Southbury Road Enfield EN1 1QZ
2026-09-28 15:08:24 INFO LEAD new: [Conditions] Enfield/26/03022/HOU — 158 Huxley Road London N18 1LJ
2026-09-28 15:08:24 INFO LEAD new: [Conditions] Enfield/26/03003/FUL — 27 Middlesborough Road London N18 2AR
2026-09-28 15:08:24 INFO LEAD new: [Conditions] Enfield/26/02984/FUL — 107 Carterhatch Road Enfield EN3 5LX
2026-09-28 15:08:24 INFO LEAD new: [Conditions] Enfield/26/02961/FUL — 20 Avondale Crescent Enfield EN3 7RY
2026-09-28 15:08:24 INFO LEAD new: [Conditions] Enfield/26/02935/FUL — 2 St Andrews Road London N9 8DB
2026-09-28 15:08:24 INFO LEAD new: [Conditions] Enfield/26/02900/HOU — 29 Derwent Road London N13 4PY
2026-09-28 15:08:24 INFO LEAD new: [Conditions] Enfield/26/02881/FUL — Flat 2 25 Millais Road Enfield EN1 1EF
2026-09-28 15:08:24 INFO LEAD new: [Conditions] Enfield/26/02858/VAR — 52 Exeter Road London N9 0JG
2026-09-28 15:08:24 INFO LEAD new: [Conditions] Enfield/26/02859/FUL — 2 Vernon Avenue Enfield EN3 6LF
2026-09-28 15:08:24 INFO LEAD new: [Conditions] Enfield/26/02857/FUL — 876 Great Cambridge Road Enfield EN1 4JT
2026-09-28 15:08:24 INFO LEAD new: [Conditions] Enfield/26/02835/HOU — 58 Merryhills Drive Enfield EN2 7NY
2026-09-28 15:08:24 INFO LEAD new: [Conditions] Enfield/26/02852/FUL — Laundry Site Brettenham Road London N18 2HE
2026-09-28 15:08:24 INFO LEAD new: [Conditions] Enfield/26/02850/FUL — 21 Holly Road Enfield EN3 6QA
2026-09-28 15:08:24 INFO LEAD new: [Conditions] Enfield/26/02838/FUL — 150 Princes Avenue London N13 6HD
2026-09-28 15:08:24 INFO LEAD new: [Conditions] Enfield/26/02817/FUL — 24 Queens Road London N9 0RB
2026-09-28 15:08:24 INFO LEAD new: [Conditions] Enfield/26/02825/HOU — 14 Wades Grove London N21 1BH
2026-09-28 15:08:24 INFO LEAD new: [Conditions] Enfield/26/02814/HOU — Lock Cottage South Ordnance Road Enfield EN3 6JQ
2026-09-28 15:08:24 INFO LEAD new: [Conditions] Enfield/26/02826/FUL — 8 Nursery Close Enfield EN3 5JZ
2026-09-28 15:08:24 INFO LEAD new: [Conditions] Enfield/26/02812/FUL — 23 Punchard Crescent Enfield EN3 6FZ
2026-09-28 15:08:24 INFO LEAD new: [Conditions] Enfield/26/02992/FUL — 65 Manor Road Enfield EN2 0AN
2026-09-28 15:08:24 INFO LEAD new: [Conditions] Enfield/26/02810/FUL — 69 And 69A Town Road London N9 0SJ
2026-09-28 15:08:24 INFO LEAD new: [Conditions] Enfield/26/02807/VAR — 9 Percival Road Enfield EN1 1QS
2026-09-28 15:08:24 INFO LEAD new: [Conditions] Enfield/26/02800/HOU — 42 Bourne Avenue London N14 6PD
2026-09-28 15:08:24 INFO LEAD new: [Conditions] Enfield/26/02782/VAR — Phoenix Academy 85 Bounces Road London N9 8LD
2026-09-28 15:08:24 INFO LEAD new: [Conditions] Enfield/26/02793/FUL — 12 Fox Lane London N13 4AH
2026-09-28 15:08:24 INFO LEAD new: [Conditions] Enfield/26/02768/HOU — 68 Ulleswater Road London N14 7BT
2026-09-28 15:08:24 INFO LEAD new: [Conditions] Enfield/26/02776/FUL — 18 Denny Road London N9 7QS
2026-09-28 15:08:24 INFO LEAD new: [Conditions] Enfield/26/02773/VAR — 75 Camlet Way Barnet EN4 0NL
2026-09-28 15:08:24 INFO LEAD new: [Conditions] Enfield/26/02766/FUL — 27 Holly Road Enfield EN3 6QA
2026-09-28 15:08:24 INFO LEAD new: [Conditions] Enfield/26/02762/FUL — Land Rear Of Ellington Court High Street London N14 6LB
2026-09-28 15:08:24 INFO LEAD new: [Conditions] Enfield/26/02792/FUL — 5 Newland Drive Enfield EN1 4HX
2026-09-28 15:08:24 INFO LEAD new: [Conditions] Enfield/26/02757/HOU — 21 Suffolk Road Enfield EN3 4AY
2026-09-28 15:08:24 INFO LEAD new: [Conditions] Enfield/26/02765/FUL — 27 Holly Road Enfield EN3 6QA
2026-09-28 15:08:24 INFO LEAD new: [Conditions] Enfield/26/02751/FUL — 28 Crescent Road London N9 7QH
2026-09-28 15:08:24 INFO LEAD new: [Conditions] Enfield/26/02754/HOU — 13 Grove Gardens Enfield EN3 5PG
2026-09-28 15:08:24 INFO LEAD new: [Conditions] Enfield/26/02755/FUL — 99 Dendridge Close Enfield EN1 4PL
2026-09-28 15:08:30 INFO [enfield/Undecided] page at offset 0: 100 records
2026-09-28 15:08:36 INFO [enfield/Undecided] page at offset 100: 100 records
2026-09-28 15:08:42 INFO [enfield/Undecided] page at offset 200: 100 records
2026-09-28 15:08:47 INFO [enfield/Undecided] page at offset 300: 100 records
2026-09-28 15:08:53 INFO [enfield/Undecided] page at offset 400: 100 records
2026-09-28 15:08:59 INFO [enfield/Undecided] page at offset 500: 100 records
2026-09-28 15:09:04 INFO [enfield/Undecided] page at offset 600: 6 records
2026-09-28 15:09:09 INFO Done. fetched=820 newly_tracked=585 leads_added=232 leads_updated=0
